operationName: 'test:doctrine:orm-query-builder'
tags:
  -
    key: auxmoney-opentracing-bundle.span-origin
    value: 'core:command'
  -
    key: command.exit-code
    value: 0
children:
  -
    operationName: 'DBAL: SELECT test_table'
    tags:
      -
        key: auxmoney-opentracing-bundle.span-origin
        value: 'DBAL:select'
      -
        key: db.parameters
        value: '[]'
      -
        key: db.statement
        value: 'SELECT COUNT(t0_.id) AS sclr_0 FROM test_table t0_ WHERE t0_.str IS NOT NULL'
  -
    operationName: 'DBAL: SELECT test_table'
    tags:
      -
        key: auxmoney-opentracing-bundle.span-origin
        value: 'DBAL:select'
      -
        key: db.parameters
        value: '[]'
      -
        key: db.statement
        value: 'SELECT COUNT(*) FROM test_table t0'
  -
    operationName: 'DBAL: TRANSACTION'
    tags:
      -
        key: auxmoney-opentracing-bundle.span-origin
        value: 'DBAL:transaction'
      -
        key: db.transaction.end
        value: commit
    children:
      -
        operationName: 'DBAL: INSERT INTO test_table'
        tags:
          -
            key: auxmoney-opentracing-bundle.span-origin
            value: 'DBAL:insert'
          -
            key: db.parameters
            value: '{"1":"a"}'
          -
            key: db.statement
            value: 'INSERT INTO test_table (str) VALUES (?)'
  -
    operationName: 'DBAL: SELECT test_table'
    tags:
      -
        key: auxmoney-opentracing-bundle.span-origin
        value: 'DBAL:select'
      -
        key: db.parameters
        value: '[]'
      -
        key: db.statement
        value: 'SELECT COUNT(t0_.id) AS sclr_0 FROM test_table t0_ WHERE t0_.str IS NOT NULL'
  -
    operationName: 'DBAL: SELECT test_table'
    tags:
      -
        key: auxmoney-opentracing-bundle.span-origin
        value: 'DBAL:select'
      -
        key: db.parameters
        value: '[]'
      -
        key: db.statement
        value: 'SELECT COUNT(*) FROM test_table t0'
  -
    operationName: 'DBAL: TRANSACTION'
    tags:
      -
        key: auxmoney-opentracing-bundle.span-origin
        value: 'DBAL:transaction'
      -
        key: db.transaction.end
        value: commit
    children:
      -
        operationName: 'DBAL: INSERT INTO test_table'
        tags:
          -
            key: auxmoney-opentracing-bundle.span-origin
            value: 'DBAL:insert'
          -
            key: db.parameters
            value: '{"1":"b"}'
          -
            key: db.statement
            value: 'INSERT INTO test_table (str) VALUES (?)'
  -
    operationName: 'DBAL: SELECT test_table'
    tags:
      -
        key: auxmoney-opentracing-bundle.span-origin
        value: 'DBAL:select'
      -
        key: db.parameters
        value: '[]'
      -
        key: db.statement
        value: 'SELECT COUNT(t0_.id) AS sclr_0 FROM test_table t0_ WHERE t0_.str IS NOT NULL'
  -
    operationName: 'DBAL: SELECT test_table'
    tags:
      -
        key: auxmoney-opentracing-bundle.span-origin
        value: 'DBAL:select'
      -
        key: db.parameters
        value: '[]'
      -
        key: db.statement
        value: 'SELECT COUNT(*) FROM test_table t0'
  -
    operationName: 'DBAL: UPDATE test_table'
    tags:
      -
        key: auxmoney-opentracing-bundle.span-origin
        value: 'DBAL:update'
      -
        key: db.parameters
        value: '{"1":"a"}'
      -
        key: db.statement
        value: 'UPDATE test_table SET str = NULL WHERE str = ?'
  -
    operationName: 'DBAL: SELECT test_table'
    tags:
      -
        key: auxmoney-opentracing-bundle.span-origin
        value: 'DBAL:select'
      -
        key: db.parameters
        value: '[]'
      -
        key: db.statement
        value: 'SELECT COUNT(t0_.id) AS sclr_0 FROM test_table t0_ WHERE t0_.str IS NOT NULL'
  -
    operationName: 'DBAL: SELECT test_table'
    tags:
      -
        key: auxmoney-opentracing-bundle.span-origin
        value: 'DBAL:select'
      -
        key: db.parameters
        value: '[]'
      -
        key: db.statement
        value: 'SELECT COUNT(*) FROM test_table t0'
  -
    operationName: 'DBAL: DELETE test_table'
    tags:
      -
        key: auxmoney-opentracing-bundle.span-origin
        value: 'DBAL:delete'
      -
        key: db.parameters
        value: '[]'
      -
        key: db.statement
        value: 'DELETE FROM test_table WHERE id = 2'
  -
    operationName: 'DBAL: SELECT test_table'
    tags:
      -
        key: auxmoney-opentracing-bundle.span-origin
        value: 'DBAL:select'
      -
        key: db.parameters
        value: '[]'
      -
        key: db.statement
        value: 'SELECT COUNT(t0_.id) AS sclr_0 FROM test_table t0_ WHERE t0_.str IS NOT NULL'
  -
    operationName: 'DBAL: SELECT test_table'
    tags:
      -
        key: auxmoney-opentracing-bundle.span-origin
        value: 'DBAL:select'
      -
        key: db.parameters
        value: '[]'
      -
        key: db.statement
        value: 'SELECT COUNT(*) FROM test_table t0'
