operationName: 'test:doctrine:dbal-transactions'
tags:
  -
    key: auxmoney-opentracing-bundle.span-origin
    value: 'core:command'
  -
    key: command.exit-code
    value: 0
children:
  -
    operationName: 'DBAL: TRANSACTION'
    tags:
      -
        key: auxmoney-opentracing-bundle.span-origin
        value: 'DBAL:transaction'
      -
        key: db.transaction.end
        value: commit
    children:
      -
        operationName: 'DBAL: SELECT test_table'
        tags:
          -
            key: auxmoney-opentracing-bundle.span-origin
            value: 'DBAL:select'
          -
            key: db.parameters
            value: '[]'
          -
            key: db.statement
            value: 'SELECT COUNT(*) FROM test_table WHERE str IS NOT NULL'
      -
        operationName: 'DBAL: INSERT INTO test_table'
        tags:
          -
            key: auxmoney-opentracing-bundle.span-origin
            value: 'DBAL:insert'
          -
            key: db.parameters
            value: '{"1":"a"}'
          -
            key: db.statement
            value: 'INSERT INTO test_table (str) VALUES (?)'
      -
        operationName: 'DBAL: SELECT test_table'
        tags:
          -
            key: auxmoney-opentracing-bundle.span-origin
            value: 'DBAL:select'
          -
            key: db.parameters
            value: '[]'
          -
            key: db.statement
            value: 'SELECT COUNT(*) FROM test_table WHERE str IS NOT NULL'
      -
        operationName: 'DBAL: SELECT test_table'
        tags:
          -
            key: auxmoney-opentracing-bundle.span-origin
            value: 'DBAL:select'
          -
            key: db.parameters
            value: '[]'
          -
            key: db.statement
            value: 'SELECT id FROM test_table WHERE str IS NOT NULL'
      -
        operationName: 'DBAL: UPDATE test_table'
        tags:
          -
            key: auxmoney-opentracing-bundle.span-origin
            value: 'DBAL:update'
          -
            key: db.parameters
            value: '{"1":null,"2":1}'
          -
            key: db.statement
            value: 'UPDATE test_table SET str = ? WHERE id = ?'
      -
        operationName: 'DBAL: SELECT test_table'
        tags:
          -
            key: auxmoney-opentracing-bundle.span-origin
            value: 'DBAL:select'
          -
            key: db.parameters
            value: '[]'
          -
            key: db.statement
            value: 'SELECT COUNT(*) FROM test_table WHERE str IS NOT NULL'
  -
    operationName: 'DBAL: SELECT test_table'
    tags:
      -
        key: auxmoney-opentracing-bundle.span-origin
        value: 'DBAL:select'
      -
        key: db.parameters
        value: '[]'
      -
        key: db.statement
        value: 'SELECT COUNT(*) FROM test_table WHERE str IS NOT NULL'
  -
    operationName: 'DBAL: TRANSACTION'
    tags:
      -
        key: auxmoney-opentracing-bundle.span-origin
        value: 'DBAL:transaction'
      -
        key: db.transaction.end
        value: rollBack
    children:
      -
        operationName: 'DBAL: INSERT INTO test_table'
        tags:
          -
            key: auxmoney-opentracing-bundle.span-origin
            value: 'DBAL:insert'
          -
            key: db.parameters
            value: '{"1":"a"}'
          -
            key: db.statement
            value: 'INSERT INTO test_table (str) VALUES (?)'
      -
        operationName: 'DBAL: SELECT test_table'
        tags:
          -
            key: auxmoney-opentracing-bundle.span-origin
            value: 'DBAL:select'
          -
            key: db.parameters
            value: '[]'
          -
            key: db.statement
            value: 'SELECT COUNT(*) FROM test_table WHERE str IS NOT NULL'
  -
    operationName: 'DBAL: TRANSACTION'
    tags:
      -
        key: auxmoney-opentracing-bundle.span-origin
        value: 'DBAL:transaction'
      -
        key: db.transaction.end
        value: commit
    children:
      -
        operationName: 'DBAL: SELECT test_table'
        tags:
          -
            key: auxmoney-opentracing-bundle.span-origin
            value: 'DBAL:select'
          -
            key: db.parameters
            value: '[]'
          -
            key: db.statement
            value: 'SELECT COUNT(*) FROM test_table WHERE str IS NOT NULL'
  -
    operationName: 'DBAL: UPDATE test_table'
    tags:
      -
        key: auxmoney-opentracing-bundle.span-origin
        value: 'DBAL:update'
      -
        key: db.parameters
        value: '[]'
      -
        key: db.statement
        value: 'UPDATE test_table SET str = NULL WHERE str IS NOT NULL'
